
> vite_react_shadcn_ts@0.0.0 build
> vite build

[36mvite v5.4.19 [32mbuilding for production...[36m[39m
transforming...
node.exe : 
Browserslist: 
browsers data 
(caniuse-lite) is 6 
months old. Please 
run:
At line:1 char:1
+ & "C:\Program Files
\nodejs/node.exe" 
"C:\Program 
Files\nodejs/node_mo 
...
+ ~~~~~~~~~~~~~~~~~~~
~~~~~~~~~~~~~~~~~~~~~
~~~~~~~~~~~~~~~~~~~~~
~~~~~~~~
    + CategoryInfo   
           : NotSpe  
  cified: (Browser   
 slist: b...ld. P    
lease run::Strin    
g) [], RemoteExc    
eption
    + FullyQualified 
   ErrorId : Native  
  CommandError
 
  npx update-browsers
list-db@latest
  Why you should do 
it regularly: https:/
/github.com/browsersl
ist/update-db#readme
[32mΓ£ô[39m 96 modules transformed.
[31mx[39m Build 
failed in 4.92s
[31merror during 
build:
[31m[vite:load-fallb
ack] Could not load C
:\Users\Administrator
\Desktop\precious-pix
els-clone-main\precio
us-pixels-clone-main\
src/components/Studio
Gallery (imported by 
src/pages/Contact.tsx
): ENOENT: no such 
file or directory, 
open 'C:\Users\Admini
strator\Desktop\preci
ous-pixels-clone-main
\precious-pixels-clon
e-main\src\components
\StudioGallery'[31m
    at async open (no
de:internal/fs/promis
es:639:25)
    at async 
Object.readFile (node
:internal/fs/promises
:1243:14)
    at async 
Object.load (file:///
C:/Users/Administrato
r/Desktop/precious-pi
xels-clone-main/preci
ous-pixels-clone-main
/node_modules/vite/di
st/node/chunks/dep-C6
uTJdX2.js:65341:25)
    at async PluginDr
iver.hookFirstAndGetP
lugin (file:///C:/Use
rs/Administrator/Desk
top/precious-pixels-c
lone-main/precious-pi
xels-clone-main/node_
modules/rollup/dist/e
s/shared/node-entry.j
s:20630:28)
    at async file:///
C:/Users/Administrato
r/Desktop/precious-pi
xels-clone-main/preci
ous-pixels-clone-main
/node_modules/rollup/
dist/es/shared/node-e
ntry.js:19750:33
    at async 
Queue.work (file:///C
:/Users/Administrator
/Desktop/precious-pix
els-clone-main/precio
us-pixels-clone-main/
node_modules/rollup/d
ist/es/shared/node-en
try.js:20840:32)[39m
